Lattice 2x3 (open): 12 qubits, sector dim 400
Host: Intel64 Family 6 Model 183 Stepping 1, GenuineIntel | Python 3.14.0
  diagonalised T in 0.1 s, RSS nan MB

U/t = 1.0: E0 = -6.281867, gap = 0.6662, g* = 0.82
  c_exact = +2.29314e-01; bound step ratio 4.00, ||E|| step ratio 3.85
  dt: 0.005:+2.2931e-01  0.01:+2.2933e-01  0.02:+2.2937e-01  0.05:+2.2969e-01  0.1:+2.3085e-01
  state         overlap  standard     -A/24     -B/24    c_half   |r|/48 in
  exact_gs       1.0000   +0.2293   +0.2293   +0.2293   +0.2293   0.0000 0
  free_fermion   0.9628   -0.2284   +0.2289   +0.0002   +0.1145   0.1143 0
  gutzwiller     0.9909   +0.3075   +0.2264   +0.2669   +0.2466   0.0203 1
  uhf            0.9627   -0.2289   +0.2289   +0.0000   +0.1144   0.1144 0
  neel           0.0321   +2.3333   -0.0000   +1.1667   +0.5833   0.5833 1
  random_s7      0.0071   -0.0734   +0.0002   -0.0366   -0.0182   0.0184 0
  exact 4.8 s, PennyLane 0.01 s (consistent: True), U step 5.1 s, RSS nan MB

U/t = 2.0: E0 = -5.159166, gap = 0.5426, g* = 0.68
  c_exact = +9.16755e-01; bound step ratio 2.93, ||E|| step ratio 2.73
  dt: 0.005:+9.1675e-01  0.01:+9.1681e-01  0.02:+9.1701e-01  0.05:+9.1843e-01  0.1:+9.2355e-01
  state         overlap  standard     -A/24     -B/24    c_half   |r|/48 in
  exact_gs       1.0000   +0.9167   +0.9167   +0.9167   +0.9167   0.0000 0
  free_fermion   0.8555   -0.9136   +0.9154   +0.0009   +0.4582   0.4573 0
  gutzwiller     0.9604   +1.1545   +0.8784   +1.0165   +0.9474   0.0690 1
  uhf            0.6465   -0.4564   +0.8981   +0.2209   +0.5595   0.3386 0
  neel           0.0585   +4.6667   -0.0000   +2.3333   +1.1667   1.1667 1
  random_s7      0.0068   -0.1471   +0.0008   -0.0732   -0.0362   0.0370 0
  exact 6.0 s, PennyLane 0.03 s (consistent: True), U step 6.2 s, RSS nan MB

U/t = 4.0: E0 = -3.619321, gap = 0.3967, g* = 0.44
  c_exact = +3.44019e+00; bound step ratio 2.29, ||E|| step ratio 2.03
  dt: 0.005:+3.4402e+00  0.01:+3.4405e+00  0.02:+3.4416e+00  0.05:+3.4495e+00  0.1:+3.4778e+00
  state         overlap  standard     -A/24     -B/24    c_half   |r|/48 in
  exact_gs       1.0000   +3.4401   +3.4401   +3.4401   +3.4401   0.0000 0
  free_fermion   0.5570   -3.6544   +3.6618   +0.0037   +1.8327   1.8290 1
  gutzwiller     0.8748   +4.8323   +3.0401   +3.9362   +3.4881   0.4481 1
  uhf            0.3539   +1.2189   +3.1263   +2.1726   +2.6495   0.4769 0
  neel           0.1222   +9.3333   -0.0000   +4.6667   +2.3333   2.3333 1
  random_s7      0.0043   -0.2958   +0.0031   -0.1463   -0.0716   0.0747 0
  exact 5.8 s, PennyLane 0.01 s (consistent: True), U step 6.1 s, RSS nan MB

U/t = 8.0: E0 = -2.177794, gap = 0.2927, g* = 0.22
  c_exact = +1.01999e+01; bound step ratio 2.09, ||E|| step ratio 1.77
  dt: 0.005:+1.0200e+01  0.01:+1.0202e+01  0.02:+1.0208e+01  0.05:+1.0257e+01  0.1:+1.0431e+01
  state         overlap  standard     -A/24     -B/24    c_half   |r|/48 in
  exact_gs       1.0000  +10.1993  +10.1993  +10.1993  +10.1993   0.0000 0
  free_fermion   0.2596  -14.6178  +14.6470   +0.0146   +7.3308   7.3162 1
  gutzwiller     0.8173  +14.5684   +7.8932  +11.2308   +9.5620   1.6688 1
  uhf            0.2723   +6.6663   +8.2832   +7.4748   +7.8790   0.4042 0
  neel           0.1865  +18.6667   -0.0000   +9.3333   +4.6667   4.6667 0
  random_s7      0.0012   -0.5977   +0.0124   -0.2927   -0.1402   0.1525 0
  exact 6.2 s, PennyLane 0.03 s (consistent: True), U step 6.4 s, RSS nan MB

qml.estimator T gates per step: 2816
Saved D:\Minhaj\Papers\hubbard-trotter-reference-states\results\sweep_2x3.csv
