Lattice 2x2 (open): 8 qubits, sector dim 36
Host: Intel64 Family 6 Model 183 Stepping 1, GenuineIntel | Python 3.14.0
  diagonalised T in 0.0 s, RSS nan MB

U/t = 1.0: E0 = -3.340848, gap = 0.0479, g* = 0.82
  c_exact = +1.63287e-01; bound step ratio 3.64, ||E|| step ratio 3.51
  dt: 0.005:+1.6329e-01  0.01:+1.6329e-01  0.02:+1.6332e-01  0.05:+1.6352e-01  0.1:+1.6422e-01
  state         overlap  standard     -A/24     -B/24    c_half   |r|/48 in
  exact_gs       1.0000   +0.1633   +0.1633   +0.1633   +0.1633   0.0000 0
  free_fermion   0.9814   -0.1663   +0.1667   +0.0002   +0.0834   0.0832 1
  gutzwiller     0.9995   +0.1809   +0.1634   +0.1722   +0.1678   0.0044 0
  uhf            0.4934   -0.0221   +0.1296   +0.0537   +0.0916   0.0379 0
  neel           0.1618   +1.3333   -0.0000   +0.6667   +0.3333   0.3333 1
  random_s7      0.0194   -0.2175   +0.0264   -0.0955   -0.0346   0.0610 0
  exact 0.3 s, PennyLane 0.01 s (consistent: True), U step 0.5 s, RSS nan MB

U/t = 2.0: E0 = -2.828427, gap = 0.1426, g* = 0.68
  c_exact = +6.22443e-01; bound step ratio 2.74, ||E|| step ratio 2.55
  dt: 0.005:+6.2244e-01  0.01:+6.2248e-01  0.02:+6.2261e-01  0.05:+6.2354e-01  0.1:+6.2689e-01
  state         overlap  standard     -A/24     -B/24    c_half   |r|/48 in
  exact_gs       1.0000   +0.6224   +0.6224   +0.6224   +0.6224   0.0000 0
  free_fermion   0.9421   -0.6653   +0.6667   +0.0007   +0.3337   0.3330 1
  gutzwiller     0.9991   +0.7210   +0.6199   +0.6704   +0.6452   0.0253 1
  uhf            0.4773   +0.0204   +0.5245   +0.2724   +0.3984   0.1260 0
  neel           0.1934   +2.6667   -0.0000   +1.3333   +0.6667   0.6667 1
  random_s7      0.0152   -0.4878   +0.1056   -0.1911   -0.0427   0.1484 0
  exact 0.4 s, PennyLane 0.03 s (consistent: True), U step 0.6 s, RSS nan MB

U/t = 4.0: E0 = -2.102748, gap = 0.2963, g* = 0.52
  c_exact = +2.16809e+00; bound step ratio 2.22, ||E|| step ratio 1.97
  dt: 0.005:+2.1681e+00  0.01:+2.1683e+00  0.02:+2.1690e+00  0.05:+2.1741e+00  0.1:+2.1923e+00
  state         overlap  standard     -A/24     -B/24    c_half   |r|/48 in
  exact_gs       1.0000   +2.1680   +2.1680   +2.1680   +2.1680   0.0000 0
  free_fermion   0.8503   -2.6613   +2.6667   +0.0027   +1.3347   1.3320 1
  gutzwiller     0.9990   +2.1634   +2.1820   +2.1727   +2.1774   0.0047 0
  uhf            0.4292   +0.8762   +1.8760   +1.3761   +1.6261   0.2500 0
  neel           0.2410   +5.3333   -0.0000   +2.6667   +1.3333   1.3333 1
  random_s7      0.0100   -1.1869   +0.4226   -0.3822   +0.0202   0.4024 0
  exact 0.5 s, PennyLane 0.02 s (consistent: True), U step 0.6 s, RSS nan MB

U/t = 8.0: E0 = -1.320235, gap = 0.3323, g* = 0.32
  c_exact = +6.29414e+00; bound step ratio 2.06, ||E|| step ratio 1.74
  dt: 0.005:+6.2941e+00  0.01:+6.2952e+00  0.02:+6.2994e+00  0.05:+6.3287e+00  0.1:+6.4348e+00
  state         overlap  standard     -A/24     -B/24    c_half   |r|/48 in
  exact_gs       1.0000   +6.2938   +6.2938   +6.2938   +6.2938   0.0000 0
  free_fermion   0.7031  -10.6453  +10.6666   +0.0107   +5.3387   5.3280 1
  gutzwiller     0.9997   +6.5649   +6.1848   +6.3749   +6.2799   0.0950 1
  uhf            0.1044   +2.3333   +2.6667   +2.5000   +2.5833   0.0833 0
  neel           0.2906  +10.6667   -0.0000   +5.3333   +2.6667   2.6667 0
  random_s7      0.0058   -3.2189   +1.6902   -0.7643   +0.4629   1.2273 0
  exact 0.5 s, PennyLane 0.02 s (consistent: True), U step 0.6 s, RSS nan MB

qml.estimator T gates per step: 1760
Saved D:\Minhaj\Papers\hubbard-trotter-reference-states\results\sweep_2x2.csv
